Directory setup
mssiren@melkki:~$ find git/yliopisto/linux-fundamentals/ > git/yliopisto/linux-fundamentals/week1/find.txt


Output redirection
mssiren@laptop-e42-3:~$ ls ~ > ~/Development/git/yliopisto/linux-fundamentals/week1/list-home-directory.txt


Man pages
ls -la --color=auto

-l     		use a long listing format
-a, --all	do not ignore entries starting with .
--color[=WHEN]	colorize the output.   WHEN  defaults  to  `always'  or  can  be
              	`never' or `auto'.  More info below
With --color=auto, ls emits color codes only when
       standard output is connected to a terminal.

mssiren@laptop-e42-3:~$ ls -la --color=auto ~


Identity shift
mssiren@laptop-e42-3:~$ alias la="ls -la --color=auto"
mssiren@laptop-e42-3:~$ la ~ > ~/Development/git/yliopisto/linux-fundamentals/week1/list-home-directory-improved.txt


Man of chrome
mssiren@laptop-e42-3:~$ alias cman="man --html=google-chrome"
mssiren@laptop-e42-3:~$ cman ls

//export BROWSER=google-chrome tai export BROWSER=chromium-browser


Permanent changes
mssiren@laptop-e42-3:~$ cat .bash_profile 
alias la="ls -la --color=auto"
alias cman="man --html=google-chrome"
alias grep='grep --color=auto'


Remote shells with SSH
mssiren@laptop-e42-3:~$ ssh ukko192.hpc.cs.helsinki.fi
Welcome to Ubuntu 12.04.3 LTS (GNU/Linux 3.2.0-43-generic x86_64)

 * Documentation:  https://help.ubuntu.com/

 * This is node ukko192 of CS Department\'s high performance cluster Ukko.
 * For documentaiton see: 
 * https://www.cs.helsinki.fi/en/compfac/high-performance-cluster-ukko

 * Please remember to NOT STORE IMPORTANT DATA on local disk except temporarily.
 * Please do not leave idle sessions open. Log off after completing your tasks
   and cleaning up any temporary files.
   
 * 11.10.2013: /cs/taatto filesystem had gotten full again. Please remove files
 * you do not need and please do not use it for long time storage.

mssiren@ukko192:~$ alias
alias cman='man -H'
alias grep='grep --color=auto'
alias la='ls -la --color=auto'
alias ls='ls --color=auto'
alias manh='man --html=chromium-browser'
alias o='ls -latr'




Remote invocations with SSH
mssiren@laptop-e42-3:~$ ssh ukko192.hpc.cs.helsinki.fi "ls"
Desktop
Documents
Downloads
git
irclogs
Library
Mail
Movies
Music
NetBeansProjects
Pictures
Public
public_html
svn
svn-create-project.sh
Templates
Videos
Windows
workspace

mssiren@laptop-e42-3:~$ ssh ukko192.hpc.cs.helsinki.fi "la"
bash: la: command not found


Private and public keys
mssiren@laptop-e42-3:~$ ssh ukko192.hpc.cs.helsinki.fi
Welcome to Ubuntu 12.04.3 LTS (GNU/Linux 3.2.0-43-generic x86_64)

 * Documentation:  https://help.ubuntu.com/

 * This is node ukko192 of CS Department\'s high performance cluster Ukko.
 * For documentaiton see: 
 * https://www.cs.helsinki.fi/en/compfac/high-performance-cluster-ukko

 * Please remember to NOT STORE IMPORTANT DATA on local disk except temporarily.
 * Please do not leave idle sessions open. Log off after completing your tasks
   and cleaning up any temporary files.
   
 * 11.10.2013: /cs/taatto filesystem had gotten full again. Please remove files
 * you do not need and please do not use it for long time storage.
Last login: Tue Oct 29 15:35:32 2013 from e42-3.cs.helsinki.fi


What about the passwords?
Ks ylös


Keyring
passwords and keys (key unlockataan aina sisäänkirjautumisen yhteydessä)


The right file, at the right time
mssiren@laptop-e42-3:~$ cat .bash_aliases 
alias la="ls -la --color=auto"
alias cman="man --html=google-chrome"
alias grep='grep --color=auto'

mssiren@laptop-e42-3:~$ cat .bash_profile 
if [ -f ~/.bash_aliases ]; then
  . ~/.bash_aliases
fi

mssiren@laptop-e42-3:~$ grep ".bash_aliases" .bashrc -C 1
# You may want to put all your additions into a separate file like
# ~/.bash_aliases, instead of adding them here directly.
# See /usr/share/doc/bash-doc/examples in the bash-doc package.

if [ -f ~/.bash_aliases ]; then
    . ~/.bash_aliases
fi


(Non-)logins
.bash_aliases snippet toiminnassa

mssiren@laptop-e42-3:~$ ls
Desktop      examples.desktop	    NetBeansProjects	testing
Development  glassfish3		    Pictures		tyokone
Documents    libpeerconnection.log  Public		Videos
Downloads    matkahupi.db	    questionnaires.pdf	workspace
Dropbox      Music		    Templates
(ei värejä)

mssiren@laptop-e42-3:~$ la
total 1428
drwx------ 46 mssiren mssiren  12288 Oct 30 12:30 .
drwxr-xr-x  4 root    root      4096 Jun 17 15:26 ..
drwx------  3 mssiren mssiren   4096 Jun 17 17:23 .adobe
drwxrwxr-x  4 mssiren mssiren   4096 Jul 17 14:27 .android
-rw-------  1 mssiren mssiren     94 Jul  4 15:16 .asadminpass
-rw-rw-r--  1 mssiren mssiren    100 Oct 30 12:25 .bash_aliases
-rw-rw-r--  1 mssiren mssiren    103 Oct 30 12:18 .bash_aliases~
-rw-------  1 mssiren mssiren  69081 Oct 30 12:30 .bash_history
-rw-r--r--  1 mssiren mssiren    220 Jun 17 15:26 .bash_logout
-rw-rw-r--  1 mssiren mssiren     55 Oct 30 12:30 .bash_profile
-rw-rw-r--  1 mssiren mssiren     58 Oct 30 12:18 .bash_profile~
-rw-r--r--  1 mssiren mssiren   3641 Oct 30 12:29 .bashrc
-rw-r--r--  1 mssiren mssiren   3644 Oct 30 12:27 .bashrc~
drwx------ 29 mssiren mssiren   4096 Oct  3 10:48 .cache
drwx------  3 mssiren mssiren   4096 Jun 17 15:51 .compiz
drwx------ 30 mssiren mssiren   4096 Sep 12 12:22 .config
drwx------  3 mssiren mssiren   4096 Jun 17 15:36 .dbus
drwxr-xr-x  2 mssiren mssiren   4096 Oct 23 16:53 Desktop
drwxrwxr-x 11 mssiren mssiren   4096 Sep 10 15:40 Development
drwxr-xr-x  3 mssiren mssiren   4096 Aug  5 13:01 Documents
drwxr-xr-x 10 mssiren mssiren  12288 Oct 29 15:45 Downloads
drwx------  3 mssiren mssiren   4096 Oct 30 11:48 .dropbox
drwx------ 11 mssiren mssiren   4096 Oct 30 11:02 Dropbox
drwxr-xr-x  4 mssiren mssiren  12288 Jun 17 17:38 .dropbox-dist
lrwxrwxrwx  1 mssiren mssiren     33 Jun 17 15:26 .ecryptfs -> /home/.ecryptfs/mssiren/.ecryptfs
drwx------  2 mssiren mssiren   4096 Jun 21 19:15 .emacs.d
-rw-r--r--  1 mssiren mssiren   8942 Jun 17 15:26 examples.desktop
drwx------  4 mssiren mssiren   4096 Oct 30 11:02 .gconf
drwxr-xr-x 24 mssiren mssiren   4096 Oct  3 15:18 .gimp-2.8
-rw-rw-r--  1 mssiren mssiren     64 Oct 28 10:41 .gitconfig
-rw-r-----  1 mssiren mssiren      0 Jun 18 13:29 .gksu.lock
drwxrwxr-x  2 mssiren mssiren   4096 Jul  4 15:12 glassfish3
drwx------  3 mssiren mssiren   4096 Sep 18 12:05 .gnome2
drwx------  2 mssiren mssiren   4096 Sep 18 12:05 .gnome2_private
drwx------  2 mssiren mssiren   4096 Oct 30 12:03 .gnupg
drwxr-----  2 mssiren mssiren   4096 Jul  1 11:30 .hplip
-rw-------  1 mssiren mssiren  17112 Oct 30 11:02 .ICEauthority
drwxrwxr-x  3 mssiren mssiren   4096 Jun 23 19:04 .java
drwxrwxr-x  4 mssiren mssiren   4096 Jun 24 18:14 .lastpass
-rw-rw-r--  1 mssiren mssiren      0 Jun 23 19:30 libpeerconnection.log
drwxr-xr-x  3 mssiren mssiren   4096 Jun 17 15:36 .local
drwxrwxr-x  3 mssiren mssiren   4096 Jun 23 19:26 .m2
drwx------  3 mssiren mssiren   4096 Jun 18 13:34 .macromedia
-rw-rw-r--  1 mssiren mssiren  86016 Aug  1 12:01 matkahupi.db
drwx------  4 mssiren mssiren   4096 Jun 17 17:22 .mozilla
drwxr-xr-x  2 mssiren mssiren   4096 Jun 17 15:36 Music
drwxrwxr-x  7 mssiren mssiren   4096 Jun 23 19:15 .nbi
drwxrwxr-x  3 mssiren mssiren   4096 Jun 23 19:17 .netbeans
drwxrwxr-x  3 mssiren mssiren   4096 Jul  4 10:51 .netbeans-derby
drwxrwxr-x  3 mssiren mssiren   4096 Jul  4 14:12 NetBeansProjects
-rw-r--r--  1 mssiren mssiren    226 Jun 17 15:46 .pam_environment
drwxr-xr-x  2 mssiren mssiren   4096 Oct  3 10:52 Pictures
drwx------  3 mssiren mssiren   4096 Jun 17 17:29 .pki
lrwxrwxrwx  1 mssiren mssiren     32 Jun 17 15:26 .Private -> /home/.ecryptfs/mssiren/.Private
-rw-r--r--  1 mssiren mssiren    675 Jun 17 15:26 .profile
drwxr-xr-x  2 mssiren mssiren   4096 Jun 17 15:36 Public
-rw-rw-r--  1 mssiren mssiren 244165 Aug  5 14:22 questionnaires.pdf
drwx------  2 mssiren mssiren   4096 Oct 29 15:27 .ssh
drwxrwxr-x  3 mssiren mssiren   4096 Sep 10 15:48 .subversion
drwxr-xr-x  2 mssiren mssiren   4096 Jun 17 15:36 Templates
drwxrwxrwx  2 mssiren mssiren   4096 Jul  4 15:51 testing
drwx------  3 mssiren mssiren   4096 Oct  3 10:50 .thumbnails
drwxrwxr-x  3 mssiren mssiren   4096 Jun 18 15:00 tyokone
drwxrwxr-x  2 mssiren mssiren   4096 Jul  4 15:13 .updatetool
drwxr-xr-x  2 mssiren mssiren   4096 Jun 17 15:36 Videos
drwxrwxr-x  4 mssiren mssiren   4096 Oct 28 11:55 workspace
-rw-------  1 mssiren mssiren     57 Oct 30 11:02 .Xauthority
-rw-rw-r--  1 mssiren mssiren      0 Sep 10 16:19 .Xauthority.CQH42W
-rw-rw-r--  1 mssiren mssiren      0 Jul 11 11:59 .Xauthority.K2ZOZW
-rw-------  1 mssiren mssiren 336338 Oct 30 12:30 .xsession-errors
-rw-------  1 mssiren mssiren 209979 Oct 29 18:02 .xsession-errors.old


mssiren@laptop-e42-3:~$ ssh ukko192.hpc.cs.helsinki.fi "ls"
Desktop
Documents
Downloads
git
irclogs
Library
Mail
Movies
Music
NetBeansProjects
Pictures
Public
public_html
svn
svn-create-project.sh
Templates
Videos
Windows
workspace


mssiren@laptop-e42-3:~$ ssh ukko192.hpc.cs.helsinki.fi "la"
bash: la: command not found

mssiren@ukko192:~$ ls
Desktop    irclogs  Music	      public_html	     Videos
Documents  Library  NetBeansProjects  svn		     Windows
Downloads  Mail     Pictures	      svn-create-project.sh  workspace
git	   Movies   Public	      Templates
(ei värejä)

mssiren@ukko192:~$ la
-bash: la: command not found


.bash_aliases snippet kommentoitu pois
mssiren@laptop-e42-3:~$ ls
Desktop      examples.desktop       NetBeansProjects    testing
Development  glassfish3             Pictures            tyokone
Documents    libpeerconnection.log  Public              Videos
Downloads    matkahupi.db           questionnaires.pdf  workspace
Dropbox      Music                  Templates
(ei värejä)

mssiren@laptop-e42-3:~$ la
la: command not found


mssiren@laptop-e42-3:~$ ssh ukko192.hpc.cs.helsinki.fi "ls"
Desktop
Documents
Downloads
git
irclogs
Library
Mail
Movies
Music
NetBeansProjects
Pictures
Public
public_html
svn
svn-create-project.sh
Templates
Videos
Windows
workspace

mssiren@laptop-e42-3:~$ ssh ukko192.hpc.cs.helsinki.fi "la"
bash: la: command not found


mssiren@ukko192:~$ ls
Desktop    irclogs  Music	      public_html	     Videos
Documents  Library  NetBeansProjects  svn		     Windows
Downloads  Mail     Pictures	      svn-create-project.sh  workspace
git	   Movies   Public	      Templates
(ei värejä)

mssiren@ukko192:~$ la
-bash: la: command not found




Shared home directories
mssiren@laptop-e42-3:~$ hostname > ~/Development/git/yliopisto/linux-fundamentals/week1/hostname.txt

Koska teen tehtäviä kotona lokaalilla työasemalla, niin vähemmän yllättäen koneen kotihakemistona ei toimi laitoksen kotihakemisto.

Kuitenkin jos teen saman melkillä
mssiren@melkki:~/test$ hostname > hostname.txt

mssiren@melkki:~/test$ cat hostname.txt 
melkki

mssiren@laptop-e42-3:~$ ssh ukko192.hpc.cs.helsinki.fi cat test/hostname.txt
melkki

