Longcat
http://mywiki.wooledge.org/BashFAQ/054
How can I tell whether a variable contains a valid number?

miika@miika-desktop:~/Development/git/yliopisto/linux-fundamentals/week4$ cat longcat.sh 
#!/bin/bash

if ! [[ "$1" != *[!0-9]* && $1 -ne 0 ]]; then
	echo "Error, only positive integers are allowed."
	exit 1;
fi

if [ "$1" -eq 1 ] ; then
	cat "shortcat.txt"
else 	
	head -n10 shortcat.txt #the head portion of the cat is always the same

	#extend the stomach the specified amount
	i="1"

	while [ $i -lt $1 ]
	do
		sed -n 11p shortcat.txt
		((i++))
	done

	head -n17 shortcat.txt | tail -n+11 #print lines 12-17 (the bottom part)
	tail -n1 shortcat.txt | sed -e s/Short/Long/ #replace Short with Long in the text
fi


Daily maximum
miika@miika-desktop:~/Development/git/yliopisto/linux-fundamentals/week4$ ./max-temp.sh ~/Downloads/lost24/monitor/2012.10.11/
32C
/home/miika/Downloads/lost24/monitor/2012.10.11/16:25/hp-temps.txt

miika@miika-desktop:~/Development/git/yliopisto/linux-fundamentals/week4$ ./max-temp.sh ~/Downloads/lost24/monitor/2012.10.*
38C
/home/miika/Downloads/lost24/monitor/2012.10.02/14:45/hp-temps.txt

miika@miika-desktop:~/Development/git/yliopisto/linux-fundamentals/week4$ ./max-temp.sh ~/Downloads/lost24/monitor/*
54C
/home/miika/Downloads/lost24/monitor/2012.04.25/10:50/hp-temps.txt

miika@miika-desktop:~/Development/git/yliopisto/linux-fundamentals/week4$ cat max-temp.sh
#!/bin/bash

max_value=0
max_value_file="null"

for folder in $*
do
	for file in $(find $folder -name '*temps.txt')
	do

	#get the line with PROCESSOR_ZONE information
	#then replace all spaces and backslashes with commas
	#then get the processor temperature
	#then remove the C

		current=$(grep "PROCESSOR_ZONE" $file | sed -e 's: \+:,:g' -e 's:/:,:g' | cut -d ',' -f3 | sed -e 's:C::')
		if [ $max_value -lt $current ]; then
			max_value=$current
			max_value_file=$file
		fi
	done
done
echo ${max_value}C
echo ${max_value_file}



