Themes


Not glue but tar
mssiren@laptop-e42-3:~/Development/git/yliopisto/linux-fundamentals/week3$ tar cf scripts-tarball.tar ~/Development/git/yliopisto/linux-fundamentals/week1/*.sh ~/Development/git/yliopisto/linux-fundamentals/week2/*.sh

mssiren@laptop-e42-3:~/Development/git/yliopisto/linux-fundamentals/week3$ tar cjf scripts-bzip2.tar.bz2 ~/Development/git/yliopisto/linux-fundamentals/week1/*.sh ~/Development/git/yliopisto/linux-fundamentals/week2/*.sh

mssiren@laptop-e42-3:~/Development/git/yliopisto/linux-fundamentals/week3$ tar czf scripts-gzip.tar.gz ~/Development/git/yliopisto/linux-fundamentals/week1/*.sh ~/Development/git/yliopisto/linux-fundamentals/week2/*.sh


with pipe
mssiren@laptop-e42-3:~/Development/git/yliopisto/linux-fundamentals/week3$ tar c ~/Development/git/yliopisto/linux-fundamentals/week1/*.sh ~/Development/git/yliopisto/linux-fundamentals/week2/*.sh | gzip > scripts-gzip-with-pipe.tar.gz

mssiren@laptop-e42-3:~/Development/git/yliopisto/linux-fundamentals/week3$ tar c ~/Development/git/yliopisto/linux-fundamentals/week1/*.sh ~/Development/git/yliopisto/linux-fundamentals/week2/*.sh | bzip2 > scripts-bzip2-with-pipe.tar.bz2

mssiren@laptop-e42-3:~/Development/git/yliopisto/linux-fundamentals/week3$ tar -cf - scripts-tarball.tar | wc -c > scripts-archive-sizes.txt
mssiren@laptop-e42-3:~/Development/git/yliopisto/linux-fundamentals/week3$ tar -cjf - scripts-bzip2.tar.bz2 | wc -c >> scripts-archive-sizes.txt
mssiren@laptop-e42-3:~/Development/git/yliopisto/linux-fundamentals/week3$ tar -cjf - scripts-bzip2-with-pipe.tar.bz2 | wc -c >> scripts-archive-sizes.txt
mssiren@laptop-e42-3:~/Development/git/yliopisto/linux-fundamentals/week3$ tar -czf - scripts-gzip.tar.gz | wc -c >> scripts-archive-sizes.txt
mssiren@laptop-e42-3:~/Development/git/yliopisto/linux-fundamentals/week3$ tar -czf - scripts-gzip-with-pipe.tar.gz | wc -c >> scripts-archive-sizes.txt

mssiren@laptop-e42-3:~/Development/git/yliopisto/linux-fundamentals/week3$ cat scripts-archive-sizes.txt
30720
1205
1228
946
957


Local and network file systems
mssiren@laptop-e42-3:~/Development/git/yliopisto/linux-fundamentals$ df -h > ~/Development/git/yliopisto/linux-fundamentals/week3/mount.txt
mssiren@laptop-e42-3:~/Development/git/yliopisto/linux-fundamentals$ mount >> ~/Development/git/yliopisto/linux-fundamentals/week3/mount.txt

nfs(4)-tyyppiset filesysteemit eivät ole paikallisia.

Käytän pääasiassa kannettavan tietokoneen levyä, tarkemmin: /dev/sda3 on / type ext4 (rw,errors=remount-ro)
Käytän myös ukon nodea 192 ja /tmp directorya (tmpfs)


Fetch and extract
mssiren@laptop-e42-3:~/Development/git/yliopisto/linux-fundamentals/week3$ curl 'http://wiki.helsinki.fi/download/attachments/124126879/lost24-monitor-temps-and-fans-v2.tar.bz2?version=1&modificationDate=1383226184357&api=v2' | tar xj
  % Total    % Received % Xferd  Average Speed   Time    Time     Time  Current
                                 Dload  Upload   Total   Spent    Left  Speed
100 2337k  100 2337k    0     0   2699      0  0:14:46  0:14:46 --:--:--  1706


No more disk space 
mssiren@laptop-e42-3:~/Development/git/yliopisto/linux-fundamentals/week3/distributed$ ./distributed-decompress.sh

real	9m12.253s
user	0m0.048s
sys	0m0.016s
 
mssiren@laptop-e42-3:~/Development/git/yliopisto/linux-fundamentals/week3/distributed$ ./distributed-decompress.sh

real	8m47.271s
user	0m16.608s
sys	1m2.724s

mssiren@laptop-e42-3:~/Development/git/yliopisto/linux-fundamentals/week3/distributed$ ./distributed-decompress.sh

real	13m48.216s
user	0m14.980s
sys	0m56.904s


Local

mssiren@laptop-e42-3:~/Development/git/yliopisto/linux-fundamentals/week3/local$ ./local-download-decompress.sh 

real	7m46.455s
user	0m17.900s
sys	0m52.824s

mssiren@laptop-e42-3:~/Development/git/yliopisto/linux-fundamentals/week3/local$ ./local-download-decompress.sh 

real	8m47.012s
user	0m17.812s
sys	0m53.796s


mssiren@laptop-e42-3:~/Development/git/yliopisto/linux-fundamentals/week3/local$ ./local-download-decompress.sh 

real	5m18.426s
user	0m15.320s
sys	0m52.688s

Ukko-operaatiolla kestää pidempään. Bzip2 hoitaa purun nopeasti, mutta tiedon siirtäminen verkon yli kotikoneelle on hidasta.

Kotikoneella operaatio on nopeampi, sillä puretun paketin tietoja ei tarvitse siirtä verkon yli.

mssiren@laptop-e42-3:~/Development/git/yliopisto/linux-fundamentals/week3$ cat distributed-decompress.sh
#!/bin/bash
time ssh -l mssiren ukko192.hpc.cs.helsinki.fi \ "cd /tmp/ && bzcat lost24-monitor-temps-and-fans-v2.tar.bz2" | tar x


mssiren@laptop-e42-3:~/Development/git/yliopisto/linux-fundamentals/week3$ cat local-download-decompress.sh
#!/bin/bash
time tar xjf lost24-monitor-temps-and-fans-v2.tar.bz2


mssiren@laptop-e42-3:~/Development/git/yliopisto/linux-fundamentals/week3$ cat ukko-download-decompress.sh
#!/bin/bash
time ssh -l mssiren ukko192.hpc.cs.helsinki.fi \ "cd /tmp/ && curl 'http://wiki.helsinki.fi/download/attachments/124126879/lost24-monitor-temps-and-fans-v2.tar.bz2?version=1&modificationDate=1383226184357&api=v2' \ | bzcat" | tar x


The monitor data set


grep and cut
Uudessa datasetissä ei ole päivän 2011.10.11. tietoja, joten käytän tilapäisesti päivää 2012.10.11.

mssiren@laptop-e42-3:~/Development/git/yliopisto/linux-fundamentals/week3$ cat collect-unique-PROCESSOR_ZONE-temps.sh 
#!/bin/bash

for file in `find monitor/2012.10.* -name '*temps.txt'`
do
	grep "PROCESSOR_ZONE" $file | cut -c32-34
done | sort | uniq

mssiren@laptop-e42-3:~/Downloads/lost24/monitor$ ~/Development/git/yliopisto/linux-fundamentals/week3/collect-unique-PROCESSOR_ZONE-temps.sh
24C
25C
26C
27C
28C
29C
30C
31C
32C


Don't run with scissors

-e script
s/regexp/replacement/
              Attempt to match regexp against the pattern space.  If  success‐
              ful,   replace  that  portion  matched  with  replacement.   The
              replacement may contain the special character & to refer to that
              portion  of  the  pattern  space  which matched, and the special
              escapes \1 through \9 to refer  to  the  corresponding  matching
              sub-expressions in the regexp.
              
g G    Copy/append hold space to pattern space. 
    
-i[SUFFIX], --in-place[=SUFFIX]
              edit files in place (makes backup if extension supplied)


sed -i -e 's: \+:,:g' -e 's:/:,:g' file.txt

mssiren@laptop-e42-3:~/Downloads/test/monitor/2012.10.11/00:00$ cat hp-temps-test.txt 

Sensor   Location              Temp       Threshold
------   --------              ----       ---------
#1        PROCESSOR_ZONE       29C/84F    62C/143F 
#2        CPU#1                38C/100F   73C/163F 
#3        I/O_ZONE             38C/100F   68C/154F 
#4        CPU#2                29C/84F    73C/163F 
#5        POWER_SUPPLY_BAY     22C/71F    55C/131F 

mssiren@laptop-e42-3:~/Downloads/test/monitor/2012.10.11/00:00$ sed -i -e 's: \+:,:g' -e 's:/:,:g' hp-temps-test.txt 
mssiren@laptop-e42-3:~/Downloads/test/monitor/2012.10.11/00:00$ cat hp-temps-test.txt 

Sensor,Location,Temp,Threshold
------,--------,----,---------
#1,PROCESSOR_ZONE,29C,84F,62C,143F,
#2,CPU#1,38C,100F,73C,163F,
#3,I,O_ZONE,38C,100F,68C,154F,
#4,CPU#2,29C,84F,73C,163F,
#5,POWER_SUPPLY_BAY,22C,71F,55C,131F,


Too long, didn't read
mssiren@laptop-e42-3:~/Downloads/lost24/monitor$ find 2012.10.* -name '*temps.txt' -exec grep "PROCESSOR_ZONE" {} \; > ~/Development/git/yliopisto/linux-fundamentals/week3/months-processor-temps.txt

-exec, run a command when a match is found
{}, substitute the name for {}
; terminate the -exec statement for find, escape it

Escape to a true friend
mssiren@laptop-e42-3:~/Development/git/yliopisto/linux-fundamentals/week3/escaping$ touch *cannot-find-me
mssiren@laptop-e42-3:~/Development/git/yliopisto/linux-fundamentals/week3/escaping$ touch can-find-me

mssiren@laptop-e42-3:~/Development/git/yliopisto/linux-fundamentals/week3/escaping$ find . -name *me
find: paths must precede expression: *cannot-find-me
Usage: find [-H] [-L] [-P] [-Olevel] [-D help|tree|search|stat|rates|opt|exec] [path...] [expression]

mssiren@laptop-e42-3:~/Development/git/yliopisto/linux-fundamentals/week3/escaping$ find . -name '*me'
./*cannot-find-me
./can-find-me


Intro to loops


The Immelmann
mssiren@laptop-e42-3:~/Development/git/yliopisto/linux-fundamentals/week3/Sunday.2011.10.30$ ls
201110300000-hipstah.jpg  201110300800.jpg	    201110302300-hipstah.jpg
201110300000.jpg	  201110301500-hipstah.jpg  201110302300.jpg
201110300800-hipstah.jpg  201110301500.jpg	    hipstafy.sh

mssiren@laptop-e42-3:~/Development/git/yliopisto/linux-fundamentals/week3/Sunday.2011.10.30$ cat hipstafy.sh 
#!/bin/bash

for file in *.jpg
do
	inputfile=${file}
	prefix=${inputfile%.jpg}
	outputfile=$prefix-hipstah.jpg
	convert -sepia-tone 60% +polaroid $inputfile $outputfile
done


Sidestep: testing

Hottest day
mssiren@laptop-e42-3:~/Downloads/lost24$ ./collect-unique-PROCESSOR_ZONE-temps2.sh
16C
17C
18C
19C
20C
21C
22C
23C
24C
25C
26C
27C
28C
29C
30C
31C
32C
33C
34C
35C
36C
37C
38C

mssiren@laptop-e42-3:~/Downloads/lost24$ ./hottest-day2.sh
38C
monitor/2012.10.02/14:45/hp-temps.txt


mssiren@laptop-e42-3:~/Downloads/lost24$ cat hottest-day.sh 
#!/bin/bash

max_value=0
max_value_file="null"

for file in `find monitor/2012.10.* -name '*temps.txt'`
do
	current=$(grep "PROCESSOR_ZONE" $file | cut -c32-33)
	if [ $max_value -lt $current ]; then
		max_value=$current
		max_value_file=$file
	fi
done

echo ${max_value}C
echo ${max_value_file}



